
*******************************************************************************
 [CheckM - data] Check for database updates. [setRoot]
*******************************************************************************


Path [/data/checkm_data] exists and you have permission to write to this folder.
(re) creating manifest file (please be patient).
     
You can run 'checkm data update' to ensure you have the latest data files.

Data location successfully changed to: /data/checkm_data
root@9233bd384080:/kb/module# checkm data update

*******************************************************************************
 [CheckM - data] Check for database updates. [update]
*******************************************************************************

Connecting to ACE server.

****************************************************************
The following 1 file(s) are scheduled to be removed
checkm_data_v1.0.7.tar.gz
Confirm you want to delete these files
Changes *WILL* be permanent
Delete files? (y,n) : n
****************************************************************
Deletion aborted

root@9233bd384080:/kb/module# ls /data/checkm_data/
checkm_data_v1.0.7.tar.gz  genome_tree  hmms_ssu  pfam                      taxon_marker_sets.tsv
distributions              hmms         img       selected_marker_sets.tsv  test_data
root@9233bd384080:/kb/module# ls /data/checkm_data/test_data/
637000110.fna
root@9233bd384080:/kb/module# checkm lineage_wf -t 8 -x fa /data/checkm_data/test_data/ /data/checkm_results/

*******************************************************************************
 [CheckM - tree] Placing bins in reference genome tree.
*******************************************************************************

  [Error] No bins found. Check the extension (-x) used to identify bins.

  Controlled exit resulting from an unrecoverable error or warning.

root@9233bd384080:/kb/module# checkm test /data/checkm_results/

*******************************************************************************
[CheckM - Test] Processing E.coli K12-W3310 to verify operation of CheckM.
*******************************************************************************

[Step 1]: Verifying tree command.

*******************************************************************************
 [CheckM - tree] Placing bins in reference genome tree.
*******************************************************************************

  Identifying marker genes in 1 bins with 1 threads:
    Finished processing 1 of 1 (100.00%) bins.
  Saving HMM info to file.

  Calculating genome statistics for 1 bins with 1 threads:
    Finished processing 1 of 1 (100.00%) bins.

  Extracting marker genes to align.
  Parsing HMM hits to marker genes:
    Finished parsing hits for 1 of 1 (100.00%) bins.
  Extracting 43 HMMs with 1 threads:
    Finished extracting 43 of 43 (100.00%) HMMs.
  Aligning 43 marker genes with 1 threads:
    Finished aligning 43 of 43 (100.00%) marker genes.

  Reading marker alignment files.
  Concatenating alignments.
  Placing 1 bins into the genome tree with pplacer (be patient).
Killed
Uncaught exception: Sys_error("/data/checkm_results/results/storage/tree/concatenated.pplacer.json: No such file or directory")
Fatal error: exception Sys_error("/data/checkm_results/results/storage/tree/concatenated.pplacer.json: No such file or directory")

  { Current stage: 0:00:54.032 || Total: 0:00:54.032 }

  [Passed]


[Step 2]: Verifying tree_qa command.

*******************************************************************************
 [CheckM - tree_qa] Assessing phylogenetic markers found in each bin.
*******************************************************************************

  Reading HMM info from file.
  Parsing HMM hits to marker genes:
    Finished parsing hits for 1 of 1 (100.00%) bins.


Unexpected error: <type 'exceptions.IOError'>
Traceback (most recent call last):
  File "/usr/local/bin/checkm", line 712, in <module>
    checkmParser.parseOptions(args)
  File "/usr/local/lib/python2.7/dist-packages/checkm/main.py", line 1311, in parseOptions
    self.test(options)
  File "/usr/local/lib/python2.7/dist-packages/checkm/main.py", line 1198, in test
    verifyEcoli.run(self, options.output_dir)
  File "/usr/local/lib/python2.7/dist-packages/checkm/test/test_ecoli.py", line 76, in run
    parser.treeQA(options)
  File "/usr/local/lib/python2.7/dist-packages/checkm/main.py", line 190, in treeQA
    treeParser.printSummary(options.out_format, options.tree_folder, RP, options.bTabTable, options.file, binStats)
  File "/usr/local/lib/python2.7/dist-packages/checkm/treeParser.py", line 45, in printSummary
    self.reportBinTaxonomy(outDir, resultsParser, bTabTable, outFile, binStats, bLineageStatistics=False)
  File "/usr/local/lib/python2.7/dist-packages/checkm/treeParser.py", line 633, in reportBinTaxonomy
    binIdToTaxonomy = self.getBinTaxonomy(outDir, binIds)
  File "/usr/local/lib/python2.7/dist-packages/checkm/treeParser.py", line 191, in getBinTaxonomy
    tree = dendropy.Tree.get_from_path(treeFile, schema='newick', rooting="force-rooted", preserve_underscores=True)
  File "/usr/local/lib/python2.7/dist-packages/dendropy/datamodel/basemodel.py", line 215, in get_from_path
    with open(src, "r", newline=None) as fsrc:
  File "/usr/local/lib/python2.7/dist-packages/dendropy/utility/filesys.py", line 60, in pre_py34_open
    buffering=buffering)
IOError: [Errno 2] No such file or directory: '/data/checkm_results/results/storage/tree/concatenated.tre'
root@9233bd384080:/kb/module# checkm lineage_wf --genes -t 8 -x faa /data/checkm_results/results/storage/tree/ /data/checkm_results/gene_call_tests/

*******************************************************************************
 [CheckM - tree] Placing bins in reference genome tree.
*******************************************************************************

  Identifying marker genes in 43 bins with 8 threads:
    Finished processing 43 of 43 (100.00%) bins.
  Saving HMM info to file.

  Calculating genome statistics for 43 bins with 8 threads:
    Finished processing 43 of 43 (100.00%) bins.

  Extracting marker genes to align.
  Parsing HMM hits to marker genes:
    Finished parsing hits for 43 of 43 (100.00%) bins.

Unexpected error: <type 'exceptions.KeyError'>
Traceback (most recent call last):
  File "/usr/local/bin/checkm", line 712, in <module>
    checkmParser.parseOptions(args)
  File "/usr/local/lib/python2.7/dist-packages/checkm/main.py", line 1244, in parseOptions
    self.tree(options)
  File "/usr/local/lib/python2.7/dist-packages/checkm/main.py", line 156, in tree
    os.path.join(options.out_folder, 'storage', 'tree')
  File "/usr/local/lib/python2.7/dist-packages/checkm/hmmerAligner.py", line 107, in makeAlignmentToPhyloMarkers
    markerSeqs, markerStats = self.__extractMarkerSeqsUnique(outDir, resultsParser)
  File "/usr/local/lib/python2.7/dist-packages/checkm/hmmerAligner.py", line 401, in __extractMarkerSeqsUnique
    markerSeqs[markerId][binId][hit.target_name] = self.__extractSeq(hit.target_name, binORFs)
  File "/usr/local/lib/python2.7/dist-packages/checkm/hmmerAligner.py", line 414, in __extractSeq
    tempSeq = seqs[seqId]
KeyError: '637000110'

root@9233bd384080:/kb/module# ls /data/checkm_results/
gene_call_tests  results
root@9233bd384080:/kb/module# ls /data/checkm_results/gene_call_tests/
bins  storage
root@9233bd384080:/kb/module# ls /data/checkm_results/gene_call_tests/bins
PF00164.20.masked  PF00281.14.masked  PF00411.14.masked  PF00861.17.masked  PF04563.10.masked
PF00177.16.masked  PF00297.17.masked  PF00466.15.masked  PF01192.17.masked  PF04565.11.masked
PF00181.18.masked  PF00298.14.masked  PF00562.23.masked  PF01509.13.masked  PF04997.7.masked
PF00189.15.masked  PF00312.17.masked  PF00572.13.masked  PF02978.14.masked  PF05000.12.masked
PF00203.16.masked  PF00318.15.masked  PF00573.17.masked  PF03719.10.masked  PF11987.3.masked
PF00237.14.masked  PF00333.15.masked  PF00623.15.masked  PF03946.9.masked   TIGR00344.masked
PF00238.14.masked  PF00366.15.masked  PF00673.16.masked  PF03947.13.masked  TIGR00422.masked
PF00252.13.masked  PF00380.14.masked  PF00687.16.masked  PF04560.15.masked
PF00276.15.masked  PF00410.14.masked  PF00831.18.masked  PF04561.9.masked
root@9233bd384080:/kb/module# ls /data/checkm_results/gene_call_tests/storage/
bin_stats.tree.tsv  phylo_hmm_info.pkl.gz

